<testsuites id="" name="" tests="2" failures="1" skipped="0" errors="0" time="41.793295">
<testsuite name="vendorcontract.spec.ts" timestamp="2025-06-24T11:20:37.466Z" hostname="chromium" tests="2" failures="1" skipped="0" time="39.098" errors="0">
<testcase name="#TES1, #TES2 Login with valid credentials" classname="vendorcontract.spec.ts" time="8.126">
</testcase>
<testcase name="#TES4 Unpublish a contract" classname="vendorcontract.spec.ts" time="30.972">
<failure message="vendorcontract.spec.ts:154:5 #TES4 Unpublish a contract" type="FAILURE">
<![CDATA[  [chromium] › vendorcontract.spec.ts:154:5 › #TES4 Unpublish a contract ───────────────────────────

    Test timeout of 30000ms exceeded.

    Error: locator.click: Test timeout of 30000ms exceeded.
    Call log:
      - waiting for locator('text=Un Publish')


      169 |
      170 |   // Step 3: Select 'Un Publish'
    > 171 |   await page.locator('text=Un Publish').click();
          |                                         ^
      172 |
      173 |   // Acceptance Criteria: Contract should show as unpublished
      174 |   // Note: Add verification to check unpublished status
        at /Users/apple/Desktop/final_test_automation/tests/vendorcontract.spec.ts:171:41

    attachment #1: screenshot (image/png) ──────────────────────────────────────────────────────────
    test-results/vendorcontract--TES4-Unpublish-a-contract-chromium/test-failed-1.png
    ────────────────────────────────────────────────────────────────────────────────────────────────

    attachment #2: video (video/webm) ──────────────────────────────────────────────────────────────
    test-results/vendorcontract--TES4-Unpublish-a-contract-chromium/video.webm
    ────────────────────────────────────────────────────────────────────────────────────────────────

    Error Context: ../test-results/vendorcontract--TES4-Unpublish-a-contract-chromium/error-context.md
]]>
</failure>
<system-out>
<![CDATA[
[[ATTACHMENT|../test-results/vendorcontract--TES4-Unpublish-a-contract-chromium/test-failed-1.png]]

[[ATTACHMENT|../test-results/vendorcontract--TES4-Unpublish-a-contract-chromium/video.webm]]

[[ATTACHMENT|../test-results/vendorcontract--TES4-Unpublish-a-contract-chromium/error-context.md]]
]]>
</system-out>
</testcase>
</testsuite>
</testsuites>